NYSE,MMM,3M,Conglomerate
NYSE,AXP,American Express,Consumer finance
NASDAQ,AAPL,Apple,Consumer electronics
NYSE,BA,Boeing,Aerospace and defense
NYSE,CAT,Caterpillar,Construction and mining equipment
NYSE,CVX,Chevron,Oil & gas
NASDAQ,CSCO,Cisco Systems,Computer networking
NYSE,KO,Coca-Cola,Beverages
NYSE,DD,DuPont,Chemical industry
NYSE,XOM,ExxonMobil,Oil & gas
NYSE,GE,General Electric,Conglomerate
NYSE,GS,Goldman Sachs,"Banking, Financial services"
NYSE,HD,The Home Depot,Home improvement retailer
NYSE,IBM,IBM,Computers and technology
NASDAQ,INTC,Intel,Semiconductors
NYSE,JNJ,Johnson & Johnson,Pharmaceuticals
NYSE,JPM,JPMorgan Chase,Banking
NYSE,MCD,McDonald's,Fast food
NYSE,MRK,Merck,Pharmaceuticals
NASDAQ,MSFT,Microsoft,Software
NYSE,NKE,Nike,Apparel
NYSE,PFE,Pfizer,Pharmaceuticals
NYSE,PG,Procter & Gamble,Consumer goods
NYSE,TRV,Travelers,Insurance
NYSE,UNH,UnitedHealth Group,Managed health care
NYSE,UTX,United Technologies,Conglomerate
NYSE,VZ,Verizon,Telecommunication
NYSE,V,Visa,Consumer banking
NYSE,WMT,Wal-Mart,Retail
NYSE,DIS,Walt Disney,Broadcasting and entertainment
